[2026-09-24T21:57:19.439+08:00] TASK-Q01C start run_id=20260924T215718+08 run_dir=C:\Users\28762\Desktop\The Huawei Cup National Postgraduate Mathematical Modeling Contest\GPT_Workspace\solution\outputs\quality_q01c\20260924T215718+08
[2026-09-24T21:57:20.239+08:00] stage=s00_preflight complete; inputs verified, code snapshot frozen
[2026-09-24T21:57:20.374+08:00] stage=s01_synthetic_tests complete tests=9
[2026-09-24T21:57:35.030+08:00] stage=s10_scan_a1 rows=50000 elapsed_s=14.7 rss_mb=212.8
[2026-09-24T21:57:35.701+08:00] stage=s10_scan_a1 complete rows=51230 elapsed_s=15.3
[2026-09-24T21:57:35.748+08:00] stage=s10_scan_a1 checkpoint reuse (valid); decompress_passes=0
[2026-09-24T21:57:35.748+08:00] stage=s10_scan_a1 done rows=51230 probe_reused=True
[2026-09-24T21:57:38.797+08:00] stage=s11_scan_a2 complete rows=17523 elapsed_s=3.0
[2026-09-24T21:57:38.819+08:00] stage=s11_scan_a2 checkpoint reuse (valid); decompress_passes=0
[2026-09-24T21:57:38.819+08:00] stage=s11_scan_a2 done rows=17523 probe_reused=True
[2026-09-24T21:57:46.893+08:00] stage=s12_scan_a3 rows=50000 elapsed_s=8.1 rss_mb=262.1
[2026-09-24T21:57:55.244+08:00] stage=s12_scan_a3 rows=100000 elapsed_s=16.4 rss_mb=338.4
[2026-09-24T21:58:03.574+08:00] stage=s12_scan_a3 rows=150000 elapsed_s=24.8 rss_mb=439.7
[2026-09-24T21:58:11.882+08:00] stage=s12_scan_a3 rows=200000 elapsed_s=33.1 rss_mb=540.9
[2026-09-24T21:58:13.799+08:00] stage=s12_scan_a3 complete rows=203752 elapsed_s=35.0
[2026-09-24T21:58:13.961+08:00] stage=s12_scan_a3 checkpoint reuse (valid); decompress_passes=0
[2026-09-24T21:58:13.961+08:00] stage=s12_scan_a3 done rows=203752 probe_reused=True
[2026-09-24T21:58:14.981+08:00] stage=s20_score_primary normalization fitted on 40943 calibration rows
[2026-09-24T21:58:18.420+08:00] stage=s20_score_primary complete rows=272505 Q_valid=272486 Q_missing=19
[2026-09-24T21:58:21.628+08:00] stage=s30_sensitivity complete; imputed records=19
[2026-09-24T21:58:24.557+08:00] stage=s40_summarize domain rows=38 denominators=532 sensitivity rows=38 comparison=38
[2026-09-24T21:58:27.222+08:00] stage=s40_summarize complete (summaries + report)
[2026-09-24T21:58:27.419+08:00] running independent verifier: D:\anaconda\python.exe -X utf8 C:\Users\28762\Desktop\The Huawei Cup National Postgraduate Mathematical Modeling Contest\GPT_Workspace\solution\src\quality_q01c_verify.py --run-dir C:\Users\28762\Desktop\The Huawei Cup National Postgraduate Mathematical Modeling Contest\GPT_Workspace\solution\outputs\quality_q01c\20260924T215718+08
[2026-09-24T21:58:30.844+08:00] stage=s50_verify complete checks={'n_checks': 20, 'n_pass': 20, 'n_fail': 0, 'n_not_checked': 0}
