[2026-09-24T22:50:33.619+08:00] TASK-Q01C start run_id=synthetic_run mode=fixture resume=False stage=all pid=3812
[2026-09-24T22:50:33.790+08:00] stage=s00_preflight complete (fixture mode); A1-A3 untouched
[2026-09-24T22:50:33.792+08:00] stage=s00_preflight done elapsed_s=0.17
[2026-09-24T22:50:33.958+08:00] stage=s01_synthetic_tests complete tests=10
[2026-09-24T22:50:33.958+08:00] stage=s01_synthetic_tests done elapsed_s=0.166
[2026-09-24T22:50:34.136+08:00] stage=s10_scan_a1 complete rows=600 elapsed_s=0.2
[2026-09-24T22:50:34.138+08:00] stage=s10_scan_a1 done elapsed_s=0.18
[2026-09-24T22:50:34.138+08:00] HOOK hold-after-stage=s10_scan_a1: waiting for external interruption pid=3812
[2026-09-24T22:50:36.125+08:00] TASK-Q01C start run_id=synthetic_run mode=fixture resume=True stage=all pid=19340
[2026-09-24T22:50:36.149+08:00] stage=s00_preflight already complete and validated; not recomputed
[2026-09-24T22:50:36.151+08:00] stage=s01_synthetic_tests already complete and validated; not recomputed
[2026-09-24T22:50:36.155+08:00] stage=s10_scan_a1 already complete and validated; not recomputed
[2026-09-24T22:50:36.265+08:00] stage=s11_scan_a2 complete rows=30 elapsed_s=0.1
[2026-09-24T22:50:36.269+08:00] stage=s11_scan_a2 done elapsed_s=0.114
[2026-09-24T22:50:36.316+08:00] stage=s12_scan_a3 complete rows=30 elapsed_s=0.0
[2026-09-24T22:50:36.318+08:00] stage=s12_scan_a3 done elapsed_s=0.049
[2026-09-24T22:50:36.381+08:00] stage=s20_score_primary normalization fitted on 484 calibration rows
[2026-09-24T22:50:36.442+08:00] stage=s20_score_primary complete rows=660 Q_valid=658 Q_missing=2
[2026-09-24T22:50:36.442+08:00] stage=s20_score_primary done elapsed_s=0.124
[2026-09-24T22:50:36.511+08:00] stage=s30_sensitivity complete; imputed records=2
[2026-09-24T22:50:36.511+08:00] stage=s30_sensitivity done elapsed_s=0.069
[2026-09-24T22:50:36.646+08:00] stage=s40_summarize domain rows=20 denominators=280 sensitivity rows=20 comparison=20
[2026-09-24T22:50:37.665+08:00] stage=s40_summarize complete (summaries + report)
[2026-09-24T22:50:37.665+08:00] stage=s40_summarize done elapsed_s=1.154
[2026-09-24T22:50:37.703+08:00] running independent verifier: D:\anaconda\python.exe -X utf8 C:\Users\28762\Desktop\The Huawei Cup National Postgraduate Mathematical Modeling Contest\GPT_Workspace\solution\src\quality_q01c_verify.py --run-dir C:\Users\28762\Desktop\The Huawei Cup National Postgraduate Mathematical Modeling Contest\GPT_Workspace\diagnostics\TASK-Q01C-R1\20260924T225031+08\interruption_run\synthetic_run --fixture-manifest C:\Users\28762\Desktop\The Huawei Cup National Postgraduate Mathematical Modeling Contest\GPT_Workspace\diagnostics\TASK-Q01C-R1\20260924T225031+08\synthetic_fixture\fixture_manifest.json
[2026-09-24T22:50:38.495+08:00] stage=s50_verify complete checks={'n_checks': 14, 'n_pass': 14, 'n_fail': 0, 'n_not_checked': 0}
[2026-09-24T22:50:38.495+08:00] stage=s50_verify done elapsed_s=0.83
[2026-09-24T22:50:38.535+08:00] ERROR unhandled: AttributeError: 'NoneType' object has no attribute 'get'
[2026-09-24T22:50:38.537+08:00] Traceback (most recent call last):
  File "C:\Users\28762\Desktop\The Huawei Cup National Postgraduate Mathematical Modeling Contest\GPT_Workspace\solution\src\quality_q01c.py", line 2157, in main
    result = run_stage(ctx, name, state)
  File "C:\Users\28762\Desktop\The Huawei Cup National Postgraduate Mathematical Modeling Contest\GPT_Workspace\solution\src\quality_q01c.py", line 2067, in run_stage
    return stage_s60_finalize(ctx, state['config_sha'], state)
  File "C:\Users\28762\Desktop\The Huawei Cup National Postgraduate Mathematical Modeling Contest\GPT_Workspace\solution\src\quality_q01c.py", line 1807, in stage_s60_finalize
    'synthetic_tests_passed': state.get('synthetic', {}).get('status') == 'PASS',
                              ^^^^^^^^^^^^^^^^^^^^^^^^^^^^^^
AttributeError: 'NoneType' object has no attribute 'get'

