[2026-09-24T21:36:55.499+08:00] TASK-Q01C start run_id=20260924T213654+08 run_dir=C:\Users\28762\Desktop\The Huawei Cup National Postgraduate Mathematical Modeling Contest\GPT_Workspace\solution\outputs\quality_q01c\20260924T213654+08
[2026-09-24T21:36:56.331+08:00] stage=s00_preflight complete; inputs verified, code snapshot frozen
[2026-09-24T21:36:56.467+08:00] stage=s01_synthetic_tests complete tests=9
[2026-09-24T21:37:11.261+08:00] stage=s10_scan_a1 rows=50000 elapsed_s=14.8 rss_mb=213.2
[2026-09-24T21:37:12.003+08:00] stage=s10_scan_a1 complete rows=51230 elapsed_s=15.5
[2026-09-24T21:37:12.051+08:00] stage=s10_scan_a1 checkpoint reuse (valid); decompress_passes=0
[2026-09-24T21:37:12.051+08:00] stage=s10_scan_a1 done rows=51230 probe_reused=True
[2026-09-24T21:37:15.204+08:00] stage=s11_scan_a2 complete rows=17523 elapsed_s=3.2
[2026-09-24T21:37:15.223+08:00] stage=s11_scan_a2 checkpoint reuse (valid); decompress_passes=0
[2026-09-24T21:37:15.223+08:00] stage=s11_scan_a2 done rows=17523 probe_reused=True
[2026-09-24T21:37:23.330+08:00] stage=s12_scan_a3 rows=50000 elapsed_s=8.1 rss_mb=261.5
[2026-09-24T21:37:31.361+08:00] stage=s12_scan_a3 rows=100000 elapsed_s=16.1 rss_mb=338.3
[2026-09-24T21:37:39.367+08:00] stage=s12_scan_a3 rows=150000 elapsed_s=24.1 rss_mb=439.7
[2026-09-24T21:37:47.394+08:00] stage=s12_scan_a3 rows=200000 elapsed_s=32.2 rss_mb=540.7
[2026-09-24T21:37:49.334+08:00] stage=s12_scan_a3 complete rows=203752 elapsed_s=34.1
[2026-09-24T21:37:49.507+08:00] stage=s12_scan_a3 checkpoint reuse (valid); decompress_passes=0
[2026-09-24T21:37:49.507+08:00] stage=s12_scan_a3 done rows=203752 probe_reused=True
[2026-09-24T21:37:50.579+08:00] stage=s20_score_primary normalization fitted on 40943 calibration rows
[2026-09-24T21:37:53.980+08:00] stage=s20_score_primary complete rows=272505 Q_valid=272486 Q_missing=19
[2026-09-24T21:37:57.237+08:00] stage=s30_sensitivity complete; imputed records=19
[2026-09-24T21:38:00.242+08:00] stage=s40_summarize domain rows=38 denominators=532 sensitivity rows=38 comparison=38
[2026-09-24T21:38:02.910+08:00] stage=s40_summarize complete (summaries + report)
[2026-09-24T21:38:02.911+08:00] running independent verifier: D:\anaconda\python.exe -X utf8 C:\Users\28762\Desktop\The Huawei Cup National Postgraduate Mathematical Modeling Contest\GPT_Workspace\solution\src\quality_q01c_verify.py --run-dir C:\Users\28762\Desktop\The Huawei Cup National Postgraduate Mathematical Modeling Contest\GPT_Workspace\solution\outputs\quality_q01c\20260924T213654+08
[2026-09-24T21:38:06.477+08:00] ERROR stage_failure: independent verification exited 1
