[2026-09-24T15:18:20.893+08:00] TASK-Q01A-R1 verification start local=2026-09-24T15:18:20+08:00 run_dir=C:\Users\28762\Desktop\The Huawei Cup National Postgraduate Mathematical Modeling Contest\GPT_Workspace\diagnostics\TASK-Q01A-R1\20260924T150854+08
[2026-09-24T15:18:20.893+08:00] boundary: verification reads only saved artifacts; no compressed input is opened or hashed
[2026-09-24T15:18:20.896+08:00] check V01_pandas_group_statistics_rule: PASS
[2026-09-24T15:18:20.896+08:00] check V02_six_element_nan_list_rule: PASS
[2026-09-24T15:18:22.248+08:00] check V03_denominator_tables_match_independent_pandas: PASS
[2026-09-24T15:18:22.249+08:00] check V04_repair_changed_exactly_the_affected_denominator_rows: PASS
[2026-09-24T15:18:22.249+08:00] check V05_all_unique_anchor: PASS
[2026-09-24T15:18:22.249+08:00] check V06_q_std_variance_divisor: PASS
[2026-09-24T15:18:22.251+08:00] check V07_missing_concentration_has_numerators_and_denominators: PASS
[2026-09-24T15:18:22.255+08:00] events raw_keys=19 extract=19 identity=0
[2026-09-24T15:18:29.889+08:00] check V08_corrected_raw_mask_matches_events: PASS
[2026-09-24T15:18:29.889+08:00] check V09_raw_anomaly_anchors: PASS
[2026-09-24T15:18:34.511+08:00] check V10_only_permitted_columns_changed: PASS
[2026-09-24T15:18:41.251+08:00] check V11_raw_events_map_to_the_same_extract_nan_rows: PASS
[2026-09-24T15:18:42.957+08:00] check V12_corrected_raw_patterns_and_pairwise_recomputed_independently: PASS
[2026-09-24T15:18:43.209+08:00] check V13_non_raw_layers_unchanged: PASS
[2026-09-24T15:18:43.300+08:00] check V14_row_identity_uniqueness_and_line_coverage: PASS
[2026-09-24T15:18:43.357+08:00] check V15_read_only_inputs_unchanged: PASS
[2026-09-24T15:18:43.425+08:00] check V16_r_artifacts_unchanged_for_the_111_protected_files: PASS
[2026-09-24T15:18:43.439+08:00] check V17_static_no_compressed_content_access: PASS
[2026-09-24T15:18:43.442+08:00] check V18_no_numeric_q_and_strict_json: PASS
[2026-09-24T15:18:43.574+08:00] check V19_raw_tree_path_size_registered: PASS
[2026-09-24T15:18:43.580+08:00] check V20_c12_overlap_role_totals: PASS
[2026-09-24T15:18:43.580+08:00] check V21_first_failure_statement_from_log: PASS
[2026-09-24T15:18:43.580+08:00] check V22_c08c_historical_full_tree_mtime: NOT_VERIFIABLE
[2026-09-24T15:18:47.336+08:00] end status=COMPLETED_WITH_NOT_VERIFIABLE_ITEMS n_checks=22 n_fail=0 n_not_verifiable=1
