[2026-09-25T00:42:13.283+08:00] TASK-Q01C start run_id=midstage_run mode=fixture resume=False stage=all pid=14452
[2026-09-25T00:42:13.414+08:00] stage=s00_preflight complete (fixture mode); A1-A3 untouched
[2026-09-25T00:42:13.417+08:00] stage=s00_preflight done elapsed_s=0.128
[2026-09-25T00:42:13.516+08:00] stage=s01_synthetic_tests complete tests=10
[2026-09-25T00:42:13.516+08:00] stage=s01_synthetic_tests done elapsed_s=0.097
[2026-09-25T00:42:13.645+08:00] stage=s10_scan_a1 complete rows=600 elapsed_s=0.1
[2026-09-25T00:42:13.647+08:00] stage=s10_scan_a1 done elapsed_s=0.129
[2026-09-25T00:42:13.689+08:00] stage=s11_scan_a2 complete rows=30 elapsed_s=0.0
[2026-09-25T00:42:13.690+08:00] stage=s11_scan_a2 done elapsed_s=0.042
[2026-09-25T00:42:13.723+08:00] stage=s12_scan_a3 complete rows=30 elapsed_s=0.0
[2026-09-25T00:42:13.724+08:00] stage=s12_scan_a3 done elapsed_s=0.032
[2026-09-25T00:42:13.775+08:00] stage=s20_score_primary normalization fitted on 484 calibration rows
[2026-09-25T00:42:13.818+08:00] stage=s20_score_primary complete rows=660 Q_valid=658 Q_missing=2
[2026-09-25T00:42:13.819+08:00] stage=s20_score_primary done elapsed_s=0.093
[2026-09-25T00:42:13.860+08:00] stage=s30_sensitivity complete; imputed records=2
[2026-09-25T00:42:13.860+08:00] stage=s30_sensitivity done elapsed_s=0.04
[2026-09-25T00:42:13.860+08:00] HOOK hold-after-stage=s30_sensitivity: waiting for external interruption pid=14452
[2026-09-25T00:42:15.370+08:00] TASK-Q01C start run_id=midstage_run mode=fixture resume=True stage=all pid=15776
[2026-09-25T00:42:15.378+08:00] stage=s00_preflight REUSABLE (stage marker validated); not recomputed
[2026-09-25T00:42:15.381+08:00] stage=s01_synthetic_tests REUSABLE (stage marker validated); not recomputed
[2026-09-25T00:42:15.388+08:00] stage=s10_scan_a1 REUSABLE (checkpoint and stage marker validated); not recomputed
[2026-09-25T00:42:15.396+08:00] stage=s11_scan_a2 REUSABLE (checkpoint and stage marker validated); not recomputed
[2026-09-25T00:42:15.403+08:00] stage=s12_scan_a3 REUSABLE (checkpoint and stage marker validated); not recomputed
[2026-09-25T00:42:15.412+08:00] stage=s20_score_primary REUSABLE (checkpoint and stage marker validated); not recomputed
[2026-09-25T00:42:15.420+08:00] stage=s30_sensitivity REUSABLE (checkpoint and stage marker validated); not recomputed
[2026-09-25T00:42:15.534+08:00] stage=s40_summarize domain rows=20 denominators=280 sensitivity rows=20 comparison=20
[2026-09-25T00:42:16.162+08:00] stage=s40_summarize complete (summaries + report)
[2026-09-25T00:42:16.162+08:00] stage=s40_summarize done elapsed_s=0.74
[2026-09-25T00:42:16.185+08:00] running independent verifier: D:\anaconda\python.exe -X utf8 C:\Users\28762\Desktop\The Huawei Cup National Postgraduate Mathematical Modeling Contest\GPT_Workspace\solution\src\quality_q01c_verify.py --run-dir C:\Users\28762\Desktop\The Huawei Cup National Postgraduate Mathematical Modeling Contest\GPT_Workspace\diagnostics\TASK-Q01C-R2\20260925T004211+08\midstage_interruption\midstage_run --fixture-manifest C:\Users\28762\Desktop\The Huawei Cup National Postgraduate Mathematical Modeling Contest\GPT_Workspace\diagnostics\TASK-Q01C-R2\20260925T004211+08\synthetic_fixture\fixture_manifest.json
[2026-09-25T00:42:16.793+08:00] stage=s50_verify complete checks={'n_checks': 14, 'n_pass': 14, 'n_fail': 0, 'n_not_checked': 0}
[2026-09-25T00:42:16.793+08:00] stage=s50_verify done elapsed_s=0.629
