[2026-09-24T21:39:09.666+08:00] TASK-Q01C start run_id=20260924T213909+08 run_dir=C:\Users\28762\Desktop\The Huawei Cup National Postgraduate Mathematical Modeling Contest\GPT_Workspace\solution\outputs\quality_q01c\20260924T213909+08
[2026-09-24T21:39:10.448+08:00] stage=s00_preflight complete; inputs verified, code snapshot frozen
[2026-09-24T21:39:10.587+08:00] stage=s01_synthetic_tests complete tests=9
[2026-09-24T21:39:26.181+08:00] stage=s10_scan_a1 rows=50000 elapsed_s=15.6 rss_mb=213.7
[2026-09-24T21:39:26.889+08:00] stage=s10_scan_a1 complete rows=51230 elapsed_s=16.3
[2026-09-24T21:39:26.937+08:00] stage=s10_scan_a1 checkpoint reuse (valid); decompress_passes=0
[2026-09-24T21:39:26.937+08:00] stage=s10_scan_a1 done rows=51230 probe_reused=True
[2026-09-24T21:39:30.118+08:00] stage=s11_scan_a2 complete rows=17523 elapsed_s=3.2
[2026-09-24T21:39:30.143+08:00] stage=s11_scan_a2 checkpoint reuse (valid); decompress_passes=0
[2026-09-24T21:39:30.143+08:00] stage=s11_scan_a2 done rows=17523 probe_reused=True
[2026-09-24T21:39:38.489+08:00] stage=s12_scan_a3 rows=50000 elapsed_s=8.3 rss_mb=262.6
[2026-09-24T21:39:46.980+08:00] stage=s12_scan_a3 rows=100000 elapsed_s=16.8 rss_mb=338.7
[2026-09-24T21:39:55.413+08:00] stage=s12_scan_a3 rows=150000 elapsed_s=25.3 rss_mb=439.9
[2026-09-24T21:40:17.433+08:00] stage=s12_scan_a3 rows=200000 elapsed_s=47.3 rss_mb=541.1
[2026-09-24T21:40:21.222+08:00] stage=s12_scan_a3 complete rows=203752 elapsed_s=51.1
[2026-09-24T21:40:21.502+08:00] stage=s12_scan_a3 checkpoint reuse (valid); decompress_passes=0
[2026-09-24T21:40:21.502+08:00] stage=s12_scan_a3 done rows=203752 probe_reused=True
[2026-09-24T21:40:24.308+08:00] stage=s20_score_primary normalization fitted on 40943 calibration rows
[2026-09-24T21:40:33.275+08:00] stage=s20_score_primary complete rows=272505 Q_valid=272486 Q_missing=19
[2026-09-24T21:40:40.349+08:00] stage=s30_sensitivity complete; imputed records=19
[2026-09-24T21:40:48.557+08:00] stage=s40_summarize domain rows=38 denominators=532 sensitivity rows=38 comparison=38
[2026-09-24T21:40:55.940+08:00] stage=s40_summarize complete (summaries + report)
[2026-09-24T21:40:56.250+08:00] running independent verifier: D:\anaconda\python.exe -X utf8 C:\Users\28762\Desktop\The Huawei Cup National Postgraduate Mathematical Modeling Contest\GPT_Workspace\solution\src\quality_q01c_verify.py --run-dir C:\Users\28762\Desktop\The Huawei Cup National Postgraduate Mathematical Modeling Contest\GPT_Workspace\solution\outputs\quality_q01c\20260924T213909+08
[2026-09-24T21:40:59.704+08:00] ERROR stage_failure: independent verification exited 2
