[2026-09-24T22:52:41.130+08:00] TASK-Q01C start run_id=synthetic_run mode=fixture resume=False stage=all pid=39304
[2026-09-24T22:52:41.297+08:00] stage=s00_preflight complete (fixture mode); A1-A3 untouched
[2026-09-24T22:52:41.301+08:00] stage=s00_preflight done elapsed_s=0.166
[2026-09-24T22:52:41.452+08:00] stage=s01_synthetic_tests complete tests=10
[2026-09-24T22:52:41.452+08:00] stage=s01_synthetic_tests done elapsed_s=0.151
[2026-09-24T22:52:41.652+08:00] stage=s10_scan_a1 complete rows=600 elapsed_s=0.2
[2026-09-24T22:52:41.656+08:00] stage=s10_scan_a1 done elapsed_s=0.203
[2026-09-24T22:52:41.656+08:00] HOOK hold-after-stage=s10_scan_a1: waiting for external interruption pid=39304
[2026-09-24T22:52:43.777+08:00] TASK-Q01C start run_id=synthetic_run mode=fixture resume=True stage=all pid=23548
[2026-09-24T22:52:43.798+08:00] stage=s00_preflight already complete and validated; not recomputed
[2026-09-24T22:52:43.801+08:00] stage=s01_synthetic_tests already complete and validated; not recomputed
[2026-09-24T22:52:43.803+08:00] stage=s10_scan_a1 already complete and validated; not recomputed
[2026-09-24T22:52:43.914+08:00] stage=s11_scan_a2 complete rows=30 elapsed_s=0.1
[2026-09-24T22:52:43.917+08:00] stage=s11_scan_a2 done elapsed_s=0.113
[2026-09-24T22:52:43.964+08:00] stage=s12_scan_a3 complete rows=30 elapsed_s=0.0
[2026-09-24T22:52:43.967+08:00] stage=s12_scan_a3 done elapsed_s=0.05
[2026-09-24T22:52:44.031+08:00] stage=s20_score_primary normalization fitted on 484 calibration rows
[2026-09-24T22:52:44.091+08:00] stage=s20_score_primary complete rows=660 Q_valid=658 Q_missing=2
[2026-09-24T22:52:44.091+08:00] stage=s20_score_primary done elapsed_s=0.124
[2026-09-24T22:52:44.163+08:00] stage=s30_sensitivity complete; imputed records=2
[2026-09-24T22:52:44.163+08:00] stage=s30_sensitivity done elapsed_s=0.072
[2026-09-24T22:52:44.308+08:00] stage=s40_summarize domain rows=20 denominators=280 sensitivity rows=20 comparison=20
[2026-09-24T22:52:45.385+08:00] stage=s40_summarize complete (summaries + report)
[2026-09-24T22:52:45.385+08:00] stage=s40_summarize done elapsed_s=1.222
[2026-09-24T22:52:45.414+08:00] running independent verifier: D:\anaconda\python.exe -X utf8 C:\Users\28762\Desktop\The Huawei Cup National Postgraduate Mathematical Modeling Contest\GPT_Workspace\solution\src\quality_q01c_verify.py --run-dir C:\Users\28762\Desktop\The Huawei Cup National Postgraduate Mathematical Modeling Contest\GPT_Workspace\diagnostics\TASK-Q01C-R1\20260924T225239+08\interruption_run\synthetic_run --fixture-manifest C:\Users\28762\Desktop\The Huawei Cup National Postgraduate Mathematical Modeling Contest\GPT_Workspace\diagnostics\TASK-Q01C-R1\20260924T225239+08\synthetic_fixture\fixture_manifest.json
[2026-09-24T22:52:46.237+08:00] stage=s50_verify complete checks={'n_checks': 14, 'n_pass': 14, 'n_fail': 0, 'n_not_checked': 0}
[2026-09-24T22:52:46.238+08:00] stage=s50_verify done elapsed_s=0.852
