D:\anaconda\Lib\site-packages\scipy\optimize\_lsq\least_squares.py:965: RuntimeWarning: overflow encountered in dot
  initial_cost = 0.5 * np.dot(f0, f0)
D:\anaconda\Lib\site-packages\scipy\optimize\_lsq\trf.py:224: RuntimeWarning: overflow encountered in dot
  cost = 0.5 * np.dot(f, f)
D:\anaconda\Lib\site-packages\numpy\linalg\_linalg.py:2792: RuntimeWarning: overflow encountered in dot
  sqnorm = x.dot(x)
D:\anaconda\Lib\site-packages\scipy\optimize\_lsq\common.py:115: RuntimeWarning: overflow encountered in square
  phi_prime = -np.sum(suf ** 2 / denom**3) / p_norm
D:\anaconda\Lib\site-packages\scipy\optimize\_lsq\common.py:115: RuntimeWarning: invalid value encountered in scalar divide
  phi_prime = -np.sum(suf ** 2 / denom**3) / p_norm
D:\anaconda\Lib\site-packages\scipy\optimize\_lsq\common.py:398: RuntimeWarning: invalid value encountered in cast
  return min_step, np.equal(steps, min_step) * np.sign(s).astype(int)
D:\anaconda\Lib\site-packages\scipy\optimize\_lsq\trf.py:353: RuntimeWarning: overflow encountered in dot
  cost_new = 0.5 * np.dot(f_new, f_new)
D:\anaconda\Lib\site-packages\scipy\optimize\_lsq\trf.py:354: RuntimeWarning: invalid value encountered in scalar subtract
  actual_reduction = cost - cost_new
D:\anaconda\Lib\site-packages\scipy\optimize\_lsq\common.py:115: RuntimeWarning: overflow encountered in divide
  phi_prime = -np.sum(suf ** 2 / denom**3) / p_norm
C:\Users\28762\Desktop\The Huawei Cup National Postgraduate Mathematical Modeling Contest\GPT_Workspace\diagnostics\TASK-T06E-B\20260925T090601+08\code\profile_one.py:38: RuntimeWarning: overflow encountered in exp
  return np.array([v*(Lstar if nm in ('E','A','B','k_add') else 1.0) for v,nm in zip(np.exp(x),names)],float)
C:\Users\28762\Desktop\The Huawei Cup National Postgraduate Mathematical Modeling Contest\GPT_Workspace\diagnostics\TASK-T06E-B\20260925T090601+08\code\profile_one.py:41: RuntimeWarning: invalid value encountered in multiply
  if model=='MQ-add': return base-pp[5]*(q-0.6)
D:\anaconda\Lib\site-packages\scipy\optimize\_numdiff.py:721: RuntimeWarning: invalid value encountered in subtract
  df.append(f2 - f1)
{"source": "B6", "model": "MQ-add", "parameter": "k_add", "n": 43, "skipped": 4}
