[2026-09-24T21:41:29.966+08:00] TASK-Q01C start run_id=20260924T214129+08 run_dir=C:\Users\28762\Desktop\The Huawei Cup National Postgraduate Mathematical Modeling Contest\GPT_Workspace\solution\outputs\quality_q01c\20260924T214129+08
[2026-09-24T21:41:30.718+08:00] stage=s00_preflight complete; inputs verified, code snapshot frozen
[2026-09-24T21:41:30.797+08:00] stage=s01_synthetic_tests complete tests=9
[2026-09-24T21:42:11.907+08:00] stage=s10_scan_a1 rows=50000 elapsed_s=41.1 rss_mb=213.2
[2026-09-24T21:42:13.906+08:00] stage=s10_scan_a1 complete rows=51230 elapsed_s=43.1
[2026-09-24T21:42:14.026+08:00] stage=s10_scan_a1 checkpoint reuse (valid); decompress_passes=0
[2026-09-24T21:42:14.026+08:00] stage=s10_scan_a1 done rows=51230 probe_reused=True
[2026-09-24T21:42:23.755+08:00] stage=s11_scan_a2 complete rows=17523 elapsed_s=9.7
[2026-09-24T21:42:23.799+08:00] stage=s11_scan_a2 checkpoint reuse (valid); decompress_passes=0
[2026-09-24T21:42:23.800+08:00] stage=s11_scan_a2 done rows=17523 probe_reused=True
[2026-09-24T21:42:48.771+08:00] stage=s12_scan_a3 rows=50000 elapsed_s=25.0 rss_mb=261.3
[2026-09-24T21:43:14.140+08:00] stage=s12_scan_a3 rows=100000 elapsed_s=50.3 rss_mb=338.5
[2026-09-24T21:43:38.532+08:00] stage=s12_scan_a3 rows=150000 elapsed_s=74.7 rss_mb=439.8
[2026-09-24T21:44:03.558+08:00] stage=s12_scan_a3 rows=200000 elapsed_s=99.8 rss_mb=541.0
[2026-09-24T21:44:09.004+08:00] stage=s12_scan_a3 complete rows=203752 elapsed_s=105.2
[2026-09-24T21:44:09.446+08:00] stage=s12_scan_a3 checkpoint reuse (valid); decompress_passes=0
[2026-09-24T21:44:09.446+08:00] stage=s12_scan_a3 done rows=203752 probe_reused=True
[2026-09-24T21:44:13.049+08:00] stage=s20_score_primary normalization fitted on 40943 calibration rows
[2026-09-24T21:44:24.358+08:00] stage=s20_score_primary complete rows=272505 Q_valid=272486 Q_missing=19
[2026-09-24T21:44:32.354+08:00] stage=s30_sensitivity complete; imputed records=19
[2026-09-24T21:44:40.576+08:00] stage=s40_summarize domain rows=38 denominators=532 sensitivity rows=38 comparison=38
[2026-09-24T21:44:47.177+08:00] stage=s40_summarize complete (summaries + report)
[2026-09-24T21:44:47.506+08:00] running independent verifier: D:\anaconda\python.exe -X utf8 C:\Users\28762\Desktop\The Huawei Cup National Postgraduate Mathematical Modeling Contest\GPT_Workspace\solution\src\quality_q01c_verify.py --run-dir C:\Users\28762\Desktop\The Huawei Cup National Postgraduate Mathematical Modeling Contest\GPT_Workspace\solution\outputs\quality_q01c\20260924T214129+08
[2026-09-24T21:44:50.638+08:00] ERROR stage_failure: independent verification exited 2
