[2026-09-24T22:51:57.719+08:00] TASK-Q01C start run_id=synthetic_run mode=fixture resume=False stage=all pid=32344
[2026-09-24T22:51:57.885+08:00] stage=s00_preflight complete (fixture mode); A1-A3 untouched
[2026-09-24T22:51:57.890+08:00] stage=s00_preflight done elapsed_s=0.166
[2026-09-24T22:51:58.040+08:00] stage=s01_synthetic_tests complete tests=10
[2026-09-24T22:51:58.040+08:00] stage=s01_synthetic_tests done elapsed_s=0.15
[2026-09-24T22:51:58.212+08:00] stage=s10_scan_a1 complete rows=600 elapsed_s=0.2
[2026-09-24T22:51:58.215+08:00] stage=s10_scan_a1 done elapsed_s=0.175
[2026-09-24T22:51:58.215+08:00] HOOK hold-after-stage=s10_scan_a1: waiting for external interruption pid=32344
[2026-09-24T22:52:00.217+08:00] TASK-Q01C start run_id=synthetic_run mode=fixture resume=True stage=all pid=38516
[2026-09-24T22:52:00.223+08:00] stage=s00_preflight already complete and validated; not recomputed
[2026-09-24T22:52:00.225+08:00] stage=s01_synthetic_tests already complete and validated; not recomputed
[2026-09-24T22:52:00.227+08:00] stage=s10_scan_a1 already complete and validated; not recomputed
[2026-09-24T22:52:00.327+08:00] stage=s11_scan_a2 complete rows=30 elapsed_s=0.1
[2026-09-24T22:52:00.331+08:00] stage=s11_scan_a2 done elapsed_s=0.103
[2026-09-24T22:52:00.377+08:00] stage=s12_scan_a3 complete rows=30 elapsed_s=0.0
[2026-09-24T22:52:00.379+08:00] stage=s12_scan_a3 done elapsed_s=0.047
[2026-09-24T22:52:00.436+08:00] stage=s20_score_primary normalization fitted on 484 calibration rows
[2026-09-24T22:52:00.499+08:00] stage=s20_score_primary complete rows=660 Q_valid=658 Q_missing=2
[2026-09-24T22:52:00.499+08:00] stage=s20_score_primary done elapsed_s=0.12
[2026-09-24T22:52:00.618+08:00] stage=s30_sensitivity complete; imputed records=2
[2026-09-24T22:52:00.619+08:00] stage=s30_sensitivity done elapsed_s=0.119
[2026-09-24T22:52:00.744+08:00] stage=s40_summarize domain rows=20 denominators=280 sensitivity rows=20 comparison=20
[2026-09-24T22:52:01.595+08:00] stage=s40_summarize complete (summaries + report)
[2026-09-24T22:52:01.596+08:00] stage=s40_summarize done elapsed_s=0.977
[2026-09-24T22:52:01.625+08:00] running independent verifier: D:\anaconda\python.exe -X utf8 C:\Users\28762\Desktop\The Huawei Cup National Postgraduate Mathematical Modeling Contest\GPT_Workspace\solution\src\quality_q01c_verify.py --run-dir C:\Users\28762\Desktop\The Huawei Cup National Postgraduate Mathematical Modeling Contest\GPT_Workspace\diagnostics\TASK-Q01C-R1\20260924T225155+08\interruption_run\synthetic_run --fixture-manifest C:\Users\28762\Desktop\The Huawei Cup National Postgraduate Mathematical Modeling Contest\GPT_Workspace\diagnostics\TASK-Q01C-R1\20260924T225155+08\synthetic_fixture\fixture_manifest.json
[2026-09-24T22:52:02.427+08:00] stage=s50_verify complete checks={'n_checks': 14, 'n_pass': 14, 'n_fail': 0, 'n_not_checked': 0}
[2026-09-24T22:52:02.427+08:00] stage=s50_verify done elapsed_s=0.832
